
> portfolio-app@0.1.0 build
> next build

Γû▓ Next.js 16.2.1 (Turbopack)

  Creating an optimized production build ...
Γ£ô Compiled successfully in 6.2s
  Running TypeScript ...
  Finished TypeScript in 4.9s ...
  Collecting page data using 7 workers ...
  Generating static pages using 7 workers (0/6) ...
  Generating static pages using 7 workers (1/6) 
  Generating static pages using 7 workers (2/6) 
  Generating static pages using 7 workers (4/6) 
Γ£ô Generating static pages using 7 workers (6/6) in 1048ms
  Finalizing page optimization ...

Route (app)      Revalidate  Expire
Γöî Γùï /                    1h      1y
Γö£ Γùï /_not-found
Γö£ Γùï /about
Γöö ╞Æ /api/chat


Γùï  (Static)   prerendered as static content
╞Æ  (Dynamic)  server-rendered on demand

